// Jest Snapshot v1, https://goo.gl/fbAQLP

exports[`withAudio snapshot testing 1`] = `
<div>
  <audio />
</div>
`;
